// Jest Snapshot v1, https://goo.gl/fbAQLP

exports[`Skeleton should render to match snapshot 1`] = `
<div
  className="skeleton"
>
  <div
    className="loading"
    style={Object {}}
  />
</div>
`;
