// Jest Snapshot v1, https://goo.gl/fbAQLP

exports[`Loading should render to match snapshot 1`] = `
<div
  className="grid"
>
  <div
    className="col col-sm-12 col-md-6 col-lg-4"
  >
    <div
      className="skeleton"
    >
      <div
        className="loading"
        style={Object {}}
      />
    </div>
  </div>
  <div
    className="col col-sm-12 col-md-6 col-lg-4"
  >
    <div
      className="skeleton"
    >
      <div
        className="loading"
        style={Object {}}
      />
    </div>
  </div>
  <div
    className="col col-sm-12 col-md-6 col-lg-4"
  >
    <div
      className="skeleton"
    >
      <div
        className="loading"
        style={Object {}}
      />
    </div>
  </div>
  <div
    className="col col-sm-12 col-md-6 col-lg-4"
  >
    <div
      className="skeleton"
    >
      <div
        className="loading"
        style={Object {}}
      />
    </div>
  </div>
</div>
`;
